// Jest Snapshot v1, https://goo.gl/fbAQLP

exports[`should test Logo component 1`] = `
<Fragment>
  <Link
    onClick={[Function]}
    to="/"
  >
    <img
      alt="Grubby the Grape logo"
      className="makeStyles-logo-1"
      src="https://grubbythegrape.sfo2.cdn.digitaloceanspaces.com/assets/assets/logo/logo%28325x55%29.png"
    />
  </Link>
</Fragment>
`;
